// Jest Snapshot v1, https://goo.gl/fbAQLP

exports[`<AgentList /> the source code changed or not 1`] = `null`;
