// Jest Snapshot v1, https://goo.gl/fbAQLP

exports[`<Dashboard /> the source code changed or not 1`] = `
<section
  class="ant-layout layout"
  style="height:100%"
>
  <header
    class="ant-layout-header header"
    style="background-color:#ffffff"
  >
    <div
      class="logo"
      style="margin:16px 0;width:200px"
    >
      <img
        alt="logo"
        width="120px"
      />
    </div>
    <div
      class=""
    >
      <ul
        class="ant-menu ant-menu-light right-container ant-menu-root ant-menu-horizontal"
        role="menu"
        style="float:right"
      >
        <li
          class="ant-menu-submenu ant-menu-submenu-horizontal ant-menu-overflowed-submenu"
          role="menuitem"
          style="display:none"
        >
          <div
            aria-expanded="false"
            aria-haspopup="true"
            class="ant-menu-submenu-title"
            role="button"
          >
            <span>
              ···
            </span>
            <i
              class="ant-menu-submenu-arrow"
            />
          </div>
        </li>
        <li
          class="ant-menu-submenu ant-menu-submenu-horizontal"
          role="menuitem"
        >
          <div
            aria-expanded="false"
            aria-haspopup="true"
            class="ant-menu-submenu-title"
            role="button"
          >
            <div>
              <span
                aria-label="user"
                class="anticon anticon-user"
                role="img"
              >
                <svg
                  aria-hidden="true"
                  class=""
                  data-icon="user"
                  fill="currentColor"
                  focusable="false"
                  height="1em"
                  viewBox="64 64 896 896"
                  width="1em"
                >
                  <path
                    d="M858.5 763.6a374 374 0 00-80.6-119.5 375.63 375.63 0 00-119.5-80.6c-.4-.2-.8-.3-1.2-.5C719.5 518 760 444.7 760 362c0-137-111-248-248-248S264 225 264 362c0 82.7 40.5 156 102.8 201.1-.4.2-.8.3-1.2.5-44.8 18.9-85 46-119.5 80.6a375.63 375.63 0 00-80.6 119.5A371.7 371.7 0 00136 901.8a8 8 0 008 8.2h60c4.4 0 7.9-3.5 8-7.8 2-77.2 33-149.5 87.8-204.3 56.7-56.7 132-87.9 212.2-87.9s155.5 31.2 212.2 87.9C779 752.7 810 825 812 902.2c.1 4.4 3.6 7.8 8 7.8h60a8 8 0 008-8.2c-1-47.8-10.9-94.3-29.5-138.2zM512 534c-45.9 0-89.1-17.9-121.6-50.4S340 407.9 340 362c0-45.9 17.9-89.1 50.4-121.6S466.1 190 512 190s89.1 17.9 121.6 50.4S684 316.1 684 362c0 45.9-17.9 89.1-50.4 121.6S557.9 534 512 534z"
                  />
                </svg>
              </span>
              -
            </div>
            <i
              class="ant-menu-submenu-arrow"
            />
          </div>
        </li>
        <li
          class="ant-menu-submenu ant-menu-submenu-horizontal ant-menu-overflowed-submenu"
          role="menuitem"
          style="visibility:hidden;position:absolute"
        >
          <div
            aria-expanded="false"
            aria-haspopup="true"
            class="ant-menu-submenu-title"
            role="button"
          >
            <span>
              ···
            </span>
            <i
              class="ant-menu-submenu-arrow"
            />
          </div>
        </li>
      </ul>
    </div>
  </header>
  <section
    class="ant-layout"
  >
    <aside
      class="ant-layout-sider ant-layout-sider-dark site-layout-background"
      style="flex:0 0 200px;max-width:200px;min-width:200px;width:200px"
    >
      <div
        class="ant-layout-sider-children"
      >
        <ul
          class="ant-menu ant-menu-light ant-menu-root ant-menu-inline"
          role="menu"
          style="height:100%;border-right:0"
        >
          <li
            class="ant-menu-item"
            role="menuitem"
            style="padding-left:24px"
          >
            <span
              aria-label="home"
              class="anticon anticon-home"
              role="img"
            >
              <svg
                aria-hidden="true"
                class=""
                data-icon="home"
                fill="currentColor"
                focusable="false"
                height="1em"
                viewBox="64 64 896 896"
                width="1em"
              >
                <path
                  d="M946.5 505L560.1 118.8l-25.9-25.9a31.5 31.5 0 00-44.4 0L77.5 505a63.9 63.9 0 00-18.8 46c.4 35.2 29.7 63.3 64.9 63.3h42.5V940h691.8V614.3h43.4c17.1 0 33.2-6.7 45.3-18.8a63.6 63.6 0 0018.7-45.3c0-17-6.7-33.1-18.8-45.2zM568 868H456V664h112v204zm217.9-325.7V868H632V640c0-22.1-17.9-40-40-40H432c-22.1 0-40 17.9-40 40v228H238.1V542.3h-96l370-369.7 23.1 23.1L882 542.3h-96.1z"
                />
              </svg>
            </span>
            <span>
              <a
                href="/dashboard"
              >
                Dashboard
              </a>
            </span>
          </li>
          <li
            class="ant-menu-submenu ant-menu-submenu-inline"
            role="menuitem"
          >
            <div
              aria-expanded="false"
              aria-haspopup="true"
              class="ant-menu-submenu-title"
              role="button"
              style="padding-left:24px"
            >
              <span
                aria-label="aim"
                class="anticon anticon-aim"
                role="img"
              >
                <svg
                  aria-hidden="true"
                  class=""
                  data-icon="aim"
                  fill="currentColor"
                  focusable="false"
                  height="1em"
                  viewBox="64 64 896 896"
                  width="1em"
                >
                  <defs />
                  <path
                    d="M952 474H829.8C812.5 327.6 696.4 211.5 550 194.2V72c0-4.4-3.6-8-8-8h-60c-4.4 0-8 3.6-8 8v122.2C327.6 211.5 211.5 327.6 194.2 474H72c-4.4 0-8 3.6-8 8v60c0 4.4 3.6 8 8 8h122.2C211.5 696.4 327.6 812.5 474 829.8V952c0 4.4 3.6 8 8 8h60c4.4 0 8-3.6 8-8V829.8C696.4 812.5 812.5 696.4 829.8 550H952c4.4 0 8-3.6 8-8v-60c0-4.4-3.6-8-8-8zM512 756c-134.8 0-244-109.2-244-244s109.2-244 244-244 244 109.2 244 244-109.2 244-244 244z"
                  />
                  <path
                    d="M512 392c-32.1 0-62.1 12.4-84.8 35.2-22.7 22.7-35.2 52.7-35.2 84.8s12.5 62.1 35.2 84.8C449.9 619.4 480 632 512 632s62.1-12.5 84.8-35.2C619.4 574.1 632 544 632 512s-12.5-62.1-35.2-84.8A118.57 118.57 0 00512 392z"
                  />
                </svg>
              </span>
              <span>
                Agent
              </span>
              <i
                class="ant-menu-submenu-arrow"
              />
            </div>
            <div />
          </li>
          <li
            class="ant-menu-submenu ant-menu-submenu-inline"
            role="menuitem"
          >
            <div
              aria-expanded="false"
              aria-haspopup="true"
              class="ant-menu-submenu-title"
              role="button"
              style="padding-left:24px"
            >
              <span
                aria-label="deployment-unit"
                class="anticon anticon-deployment-unit"
                role="img"
              >
                <svg
                  aria-hidden="true"
                  class=""
                  data-icon="deployment-unit"
                  fill="currentColor"
                  focusable="false"
                  height="1em"
                  viewBox="64 64 896 896"
                  width="1em"
                >
                  <path
                    d="M888.3 693.2c-42.5-24.6-94.3-18-129.2 12.8l-53-30.7V523.6c0-15.7-8.4-30.3-22-38.1l-136-78.3v-67.1c44.2-15 76-56.8 76-106.1 0-61.9-50.1-112-112-112s-112 50.1-112 112c0 49.3 31.8 91.1 76 106.1v67.1l-136 78.3c-13.6 7.8-22 22.4-22 38.1v151.6l-53 30.7c-34.9-30.8-86.8-37.4-129.2-12.8-53.5 31-71.7 99.4-41 152.9 30.8 53.5 98.9 71.9 152.2 41 42.5-24.6 62.7-73 53.6-118.8l48.7-28.3 140.6 81c6.8 3.9 14.4 5.9 22 5.9s15.2-2 22-5.9L674.5 740l48.7 28.3c-9.1 45.7 11.2 94.2 53.6 118.8 53.3 30.9 121.5 12.6 152.2-41 30.8-53.6 12.6-122-40.7-152.9zm-673 138.4a47.6 47.6 0 01-65.2-17.6c-13.2-22.9-5.4-52.3 17.5-65.5a47.6 47.6 0 0165.2 17.6c13.2 22.9 5.4 52.3-17.5 65.5zM522 463.8zM464 234a48.01 48.01 0 0196 0 48.01 48.01 0 01-96 0zm170 446.2l-122 70.3-122-70.3V539.8l122-70.3 122 70.3v140.4zm239.9 133.9c-13.2 22.9-42.4 30.8-65.2 17.6-22.8-13.2-30.7-42.6-17.5-65.5s42.4-30.8 65.2-17.6c22.9 13.2 30.7 42.5 17.5 65.5z"
                  />
                </svg>
              </span>
              <span>
                Master
              </span>
              <i
                class="ant-menu-submenu-arrow"
              />
            </div>
            <div />
          </li>
          <li
            class="ant-menu-submenu ant-menu-submenu-inline"
            role="menuitem"
          >
            <div
              aria-expanded="false"
              aria-haspopup="true"
              class="ant-menu-submenu-title"
              role="button"
              style="padding-left:24px"
            >
              <span
                aria-label="tags"
                class="anticon anticon-tags"
                role="img"
              >
                <svg
                  aria-hidden="true"
                  class=""
                  data-icon="tags"
                  fill="currentColor"
                  focusable="false"
                  height="1em"
                  viewBox="64 64 896 896"
                  width="1em"
                >
                  <path
                    d="M483.2 790.3L861.4 412c1.7-1.7 2.5-4 2.3-6.3l-25.5-301.4c-.7-7.8-6.8-13.9-14.6-14.6L522.2 64.3c-2.3-.2-4.7.6-6.3 2.3L137.7 444.8a8.03 8.03 0 000 11.3l334.2 334.2c3.1 3.2 8.2 3.2 11.3 0zm62.6-651.7l224.6 19 19 224.6L477.5 694 233.9 450.5l311.9-311.9zm60.16 186.23a48 48 0 1067.88-67.89 48 48 0 10-67.88 67.89zM889.7 539.8l-39.6-39.5a8.03 8.03 0 00-11.3 0l-362 361.3-237.6-237a8.03 8.03 0 00-11.3 0l-39.6 39.5a8.03 8.03 0 000 11.3l243.2 242.8 39.6 39.5c3.1 3.1 8.2 3.1 11.3 0l407.3-406.6c3.1-3.1 3.1-8.2 0-11.3z"
                  />
                </svg>
              </span>
              <span>
                版本管理
              </span>
              <i
                class="ant-menu-submenu-arrow"
              />
            </div>
            <div />
          </li>
          <li
            class="ant-menu-submenu ant-menu-submenu-inline"
            role="menuitem"
          >
            <div
              aria-expanded="false"
              aria-haspopup="true"
              class="ant-menu-submenu-title"
              role="button"
              style="padding-left:24px"
            >
              <span
                aria-label="desktop"
                class="anticon anticon-desktop"
                role="img"
              >
                <svg
                  aria-hidden="true"
                  class=""
                  data-icon="desktop"
                  fill="currentColor"
                  focusable="false"
                  height="1em"
                  viewBox="64 64 896 896"
                  width="1em"
                >
                  <path
                    d="M928 140H96c-17.7 0-32 14.3-32 32v496c0 17.7 14.3 32 32 32h380v112H304c-8.8 0-16 7.2-16 16v48c0 4.4 3.6 8 8 8h432c4.4 0 8-3.6 8-8v-48c0-8.8-7.2-16-16-16H548V700h380c17.7 0 32-14.3 32-32V172c0-17.7-14.3-32-32-32zm-40 488H136V212h752v416z"
                  />
                </svg>
              </span>
              <span>
                主机信息
              </span>
              <i
                class="ant-menu-submenu-arrow"
              />
            </div>
            <div />
          </li>
        </ul>
      </div>
    </aside>
    <section
      class="ant-layout"
      style="padding:24px"
    >
      <div
        class="ant-breadcrumb"
        style="margin-bottom:16px"
      >
        <span>
          <span
            class="ant-breadcrumb-link"
          >
            Quark
          </span>
          <span
            class="ant-breadcrumb-separator"
          >
            /
          </span>
        </span>
        <span>
          <span
            class="ant-breadcrumb-link"
          >
            Dashboard
          </span>
          <span
            class="ant-breadcrumb-separator"
          >
            /
          </span>
        </span>
      </div>
      <main
        class="ant-layout-content site-layout-background"
        style="padding:20px;margin:0;min-height:280px"
      >
        <div
          style="height:100%;overflow-y:scroll;overflow-x:hidden"
        >
          <div
            class="ant-row ant-row-space-around"
          >
            <div
              class="ant-col ant-col-4"
            >
              <a
                href="/agent/list"
              >
                <div
                  class="xui-card xui-card-hover"
                >
                  <div
                    style="padding:0 10px"
                  >
                    <span
                      aria-label="aim"
                      class="anticon anticon-aim"
                      role="img"
                      style="font-size:38px"
                    >
                      <svg
                        aria-hidden="true"
                        class=""
                        data-icon="aim"
                        fill="currentColor"
                        focusable="false"
                        height="1em"
                        viewBox="64 64 896 896"
                        width="1em"
                      >
                        <defs />
                        <path
                          d="M952 474H829.8C812.5 327.6 696.4 211.5 550 194.2V72c0-4.4-3.6-8-8-8h-60c-4.4 0-8 3.6-8 8v122.2C327.6 211.5 211.5 327.6 194.2 474H72c-4.4 0-8 3.6-8 8v60c0 4.4 3.6 8 8 8h122.2C211.5 696.4 327.6 812.5 474 829.8V952c0 4.4 3.6 8 8 8h60c4.4 0 8-3.6 8-8V829.8C696.4 812.5 812.5 696.4 829.8 550H952c4.4 0 8-3.6 8-8v-60c0-4.4-3.6-8-8-8zM512 756c-134.8 0-244-109.2-244-244s109.2-244 244-244 244 109.2 244 244-109.2 244-244 244z"
                        />
                        <path
                          d="M512 392c-32.1 0-62.1 12.4-84.8 35.2-22.7 22.7-35.2 52.7-35.2 84.8s12.5 62.1 35.2 84.8C449.9 619.4 480 632 512 632s62.1-12.5 84.8-35.2C619.4 574.1 632 544 632 512s-12.5-62.1-35.2-84.8A118.57 118.57 0 00512 392z"
                        />
                      </svg>
                    </span>
                  </div>
                  <div
                    style="padding:0 10px"
                  >
                    <div>
                      Agent 数量
                    </div>
                    <div
                      style="font-size:24px;font-weight:bold"
                    >
                      0
                    </div>
                  </div>
                </div>
              </a>
            </div>
            <div
              class="ant-col ant-col-4"
            >
              <a
                href="/master/list"
              >
                <div
                  class="xui-card xui-card-hover"
                >
                  <div
                    style="padding:0 10px"
                  >
                    <span
                      aria-label="deployment-unit"
                      class="anticon anticon-deployment-unit"
                      role="img"
                      style="font-size:38px"
                    >
                      <svg
                        aria-hidden="true"
                        class=""
                        data-icon="deployment-unit"
                        fill="currentColor"
                        focusable="false"
                        height="1em"
                        viewBox="64 64 896 896"
                        width="1em"
                      >
                        <path
                          d="M888.3 693.2c-42.5-24.6-94.3-18-129.2 12.8l-53-30.7V523.6c0-15.7-8.4-30.3-22-38.1l-136-78.3v-67.1c44.2-15 76-56.8 76-106.1 0-61.9-50.1-112-112-112s-112 50.1-112 112c0 49.3 31.8 91.1 76 106.1v67.1l-136 78.3c-13.6 7.8-22 22.4-22 38.1v151.6l-53 30.7c-34.9-30.8-86.8-37.4-129.2-12.8-53.5 31-71.7 99.4-41 152.9 30.8 53.5 98.9 71.9 152.2 41 42.5-24.6 62.7-73 53.6-118.8l48.7-28.3 140.6 81c6.8 3.9 14.4 5.9 22 5.9s15.2-2 22-5.9L674.5 740l48.7 28.3c-9.1 45.7 11.2 94.2 53.6 118.8 53.3 30.9 121.5 12.6 152.2-41 30.8-53.6 12.6-122-40.7-152.9zm-673 138.4a47.6 47.6 0 01-65.2-17.6c-13.2-22.9-5.4-52.3 17.5-65.5a47.6 47.6 0 0165.2 17.6c13.2 22.9 5.4 52.3-17.5 65.5zM522 463.8zM464 234a48.01 48.01 0 0196 0 48.01 48.01 0 01-96 0zm170 446.2l-122 70.3-122-70.3V539.8l122-70.3 122 70.3v140.4zm239.9 133.9c-13.2 22.9-42.4 30.8-65.2 17.6-22.8-13.2-30.7-42.6-17.5-65.5s42.4-30.8 65.2-17.6c22.9 13.2 30.7 42.5 17.5 65.5z"
                        />
                      </svg>
                    </span>
                  </div>
                  <div
                    style="padding:0 10px"
                  >
                    <div>
                      Master 数量
                    </div>
                    <div
                      style="font-size:24px;font-weight:bold"
                    >
                      0
                    </div>
                  </div>
                </div>
              </a>
            </div>
            <div
              class="ant-col ant-col-4"
            >
              <a
                href="/host/list"
              >
                <div
                  class="xui-card xui-card-hover"
                >
                  <div
                    style="padding:0 10px"
                  >
                    <span
                      aria-label="cloud-server"
                      class="anticon anticon-cloud-server"
                      role="img"
                      style="font-size:38px"
                    >
                      <svg
                        aria-hidden="true"
                        class=""
                        data-icon="cloud-server"
                        fill="currentColor"
                        focusable="false"
                        height="1em"
                        viewBox="64 64 896 896"
                        width="1em"
                      >
                        <path
                          d="M704 446H320c-4.4 0-8 3.6-8 8v402c0 4.4 3.6 8 8 8h384c4.4 0 8-3.6 8-8V454c0-4.4-3.6-8-8-8zm-328 64h272v117H376V510zm272 290H376V683h272v117z"
                        />
                        <path
                          d="M424 748a32 32 0 1064 0 32 32 0 10-64 0zm0-178a32 32 0 1064 0 32 32 0 10-64 0z"
                        />
                        <path
                          d="M811.4 368.9C765.6 248 648.9 162 512.2 162S258.8 247.9 213 368.8C126.9 391.5 63.5 470.2 64 563.6 64.6 668 145.6 752.9 247.6 762c4.7.4 8.7-3.3 8.7-8v-60.4c0-4-3-7.4-7-7.9-27-3.4-52.5-15.2-72.1-34.5-24-23.5-37.2-55.1-37.2-88.6 0-28 9.1-54.4 26.2-76.4 16.7-21.4 40.2-36.9 66.1-43.7l37.9-10 13.9-36.7c8.6-22.8 20.6-44.2 35.7-63.5 14.9-19.2 32.6-36 52.4-50 41.1-28.9 89.5-44.2 140-44.2s98.9 15.3 140 44.3c19.9 14 37.5 30.8 52.4 50 15.1 19.3 27.1 40.7 35.7 63.5l13.8 36.6 37.8 10c54.2 14.4 92.1 63.7 92.1 120 0 33.6-13.2 65.1-37.2 88.6-19.5 19.2-44.9 31.1-71.9 34.5-4 .5-6.9 3.9-6.9 7.9V754c0 4.7 4.1 8.4 8.8 8 101.7-9.2 182.5-94 183.2-198.2.6-93.4-62.7-172.1-148.6-194.9z"
                        />
                      </svg>
                    </span>
                  </div>
                  <div
                    style="padding:0 10px"
                  >
                    <div>
                      虚拟机
                    </div>
                    <div
                      style="font-size:24px;font-weight:bold"
                    >
                      0
                    </div>
                  </div>
                </div>
              </a>
            </div>
            <div
              class="ant-col ant-col-4"
            >
              <a
                href="/host/list"
              >
                <div
                  class="xui-card xui-card-hover"
                >
                  <div
                    style="padding:0 10px"
                  >
                    <span
                      aria-label="database"
                      class="anticon anticon-database"
                      role="img"
                      style="font-size:38px"
                    >
                      <svg
                        aria-hidden="true"
                        class=""
                        data-icon="database"
                        fill="currentColor"
                        focusable="false"
                        height="1em"
                        viewBox="64 64 896 896"
                        width="1em"
                      >
                        <path
                          d="M832 64H192c-17.7 0-32 14.3-32 32v832c0 17.7 14.3 32 32 32h640c17.7 0 32-14.3 32-32V96c0-17.7-14.3-32-32-32zm-600 72h560v208H232V136zm560 480H232V408h560v208zm0 272H232V680h560v208zM304 240a40 40 0 1080 0 40 40 0 10-80 0zm0 272a40 40 0 1080 0 40 40 0 10-80 0zm0 272a40 40 0 1080 0 40 40 0 10-80 0z"
                        />
                      </svg>
                    </span>
                  </div>
                  <div
                    style="padding:0 10px"
                  >
                    <div>
                      物理机
                    </div>
                    <div
                      style="font-size:24px;font-weight:bold"
                    >
                      0
                    </div>
                  </div>
                </div>
              </a>
            </div>
            <div
              class="ant-col ant-col-4"
            >
              <a
                href="/host/list"
              >
                <div
                  class="xui-card xui-card-hover"
                >
                  <div
                    style="padding:0 10px"
                  >
                    <span
                      aria-label="code-sandbox"
                      class="anticon anticon-code-sandbox"
                      role="img"
                      style="font-size:38px"
                    >
                      <svg
                        aria-hidden="true"
                        class=""
                        data-icon="code-sandbox"
                        fill="currentColor"
                        focusable="false"
                        height="1em"
                        viewBox="64 64 896 896"
                        width="1em"
                      >
                        <path
                          d="M709.6 210l.4-.2h.2L512 96 313.9 209.8h-.2l.7.3L151.5 304v416L512 928l360.5-208V304l-162.9-94zM482.7 843.6L339.6 761V621.4L210 547.8V372.9l272.7 157.3v313.4zM238.2 321.5l134.7-77.8 138.9 79.7 139.1-79.9 135.2 78-273.9 158-274-158zM814 548.3l-128.8 73.1v139.1l-143.9 83V530.4L814 373.1v175.2z"
                        />
                      </svg>
                    </span>
                  </div>
                  <div
                    style="padding:0 10px"
                  >
                    <div>
                      容器
                    </div>
                    <div
                      style="font-size:24px;font-weight:bold"
                    >
                      0
                    </div>
                  </div>
                </div>
              </a>
            </div>
          </div>
          <div
            class="ant-row"
            style="margin-left:-8px;margin-right:-8px;margin-top:20px"
          >
            <div
              class="ant-col ant-col-18"
              style="padding-left:8px;padding-right:8px"
            >
              <h3>
                Agent 接入趋势
                <div
                  class="ant-radio-group ant-radio-group-outline"
                  style="margin:0 10px"
                >
                  <label
                    class="ant-radio-button-wrapper ant-radio-button-wrapper-checked"
                  >
                    <span
                      class="ant-radio-button ant-radio-button-checked"
                    >
                      <input
                        checked=""
                        class="ant-radio-button-input"
                        type="radio"
                        value="week"
                      />
                      <span
                        class="ant-radio-button-inner"
                      />
                    </span>
                    <span>
                      近7天
                    </span>
                  </label>
                  <label
                    class="ant-radio-button-wrapper"
                  >
                    <span
                      class="ant-radio-button"
                    >
                      <input
                        class="ant-radio-button-input"
                        type="radio"
                        value="month"
                      />
                      <span
                        class="ant-radio-button-inner"
                      />
                    </span>
                    <span>
                      近一个月
                    </span>
                  </label>
                </div>
              </h3>
              <div>
                <div
                  class="echarts-for-react "
                  style="height:300px;min-height:340px"
                />
              </div>
              <h3>
                与cmdb差异趋势
                <div
                  class="ant-radio-group ant-radio-group-outline"
                  style="margin:0 10px"
                >
                  <label
                    class="ant-radio-button-wrapper ant-radio-button-wrapper-checked"
                  >
                    <span
                      class="ant-radio-button ant-radio-button-checked"
                    >
                      <input
                        checked=""
                        class="ant-radio-button-input"
                        type="radio"
                        value="week"
                      />
                      <span
                        class="ant-radio-button-inner"
                      />
                    </span>
                    <span>
                      近7天
                    </span>
                  </label>
                  <label
                    class="ant-radio-button-wrapper"
                  >
                    <span
                      class="ant-radio-button"
                    >
                      <input
                        class="ant-radio-button-input"
                        type="radio"
                        value="month"
                      />
                      <span
                        class="ant-radio-button-inner"
                      />
                    </span>
                    <span>
                      近一个月
                    </span>
                  </label>
                </div>
              </h3>
              <div>
                <div
                  class="echarts-for-react "
                  style="height:300px;min-height:340px"
                />
              </div>
            </div>
            <div
              class="ant-col ant-col-6"
              style="padding-left:8px;padding-right:8px"
            >
              <h3>
                接入覆盖率
                <div
                  class="ant-select ant-select-single ant-select-show-arrow"
                  style="margin:0 10px;width:100px"
                >
                  <div
                    class="ant-select-selector"
                  >
                    <span
                      class="ant-select-selection-search"
                    >
                      <input
                        aria-activedescendant="undefined_list_0"
                        aria-autocomplete="list"
                        aria-controls="undefined_list"
                        aria-haspopup="listbox"
                        aria-owns="undefined_list"
                        autocomplete="off"
                        class="ant-select-selection-search-input"
                        readonly=""
                        role="combobox"
                        style="opacity:0"
                        type="search"
                        unselectable="on"
                        value=""
                      />
                    </span>
                    <span
                      class="ant-select-selection-item"
                      title="FAT"
                    >
                      FAT
                    </span>
                  </div>
                  <span
                    aria-hidden="true"
                    class="ant-select-arrow"
                    style="user-select:none;-webkit-user-select:none"
                    unselectable="on"
                  >
                    <span
                      aria-label="down"
                      class="anticon anticon-down ant-select-suffix"
                      role="img"
                    >
                      <svg
                        aria-hidden="true"
                        class=""
                        data-icon="down"
                        fill="currentColor"
                        focusable="false"
                        height="1em"
                        viewBox="64 64 896 896"
                        width="1em"
                      >
                        <path
                          d="M884 256h-75c-5.1 0-9.9 2.5-12.9 6.6L512 654.2 227.9 262.6c-3-4.1-7.8-6.6-12.9-6.6h-75c-6.5 0-10.3 7.4-6.5 12.7l352.6 486.1c12.8 17.6 39 17.6 51.7 0l352.6-486.1c3.9-5.3.1-12.7-6.4-12.7z"
                        />
                      </svg>
                    </span>
                  </span>
                </div>
              </h3>
              <div
                class="echarts-for-react "
                style="height:300px;min-height:320px"
              />
              <h3>
                机房覆盖率
              </h3>
              <div
                class="echarts-for-react "
                style="height:300px;min-height:320px"
              />
            </div>
          </div>
        </div>
      </main>
    </section>
  </section>
</section>
`;
