// Jest Snapshot v1, https://goo.gl/fbAQLP

exports[`<DiskIO /> the source code changed or not 1`] = `<div />`;
